Train dataset: 5541
Val dataset: 696
Test dataset: 714
Test (Male) dataset: 487
Test (Female) dataset: 227
Test under40 dataset: 475
Test (>60) dataset: 239

Evaluation report on  the whole test set
Test Accuracy: 41.32%
Test Precision: [0.36746988 0.40322581 0.47727273]
Test Recall: [0.25738397 0.6302521  0.35146444]
Test F1-score: [0.30272953 0.49180328 0.40481928]
              precision    recall  f1-score   support

           0       0.37      0.26      0.30       237
           1       0.40      0.63      0.49       238
           2       0.48      0.35      0.40       239

    accuracy                           0.41       714
   macro avg       0.42      0.41      0.40       714
weighted avg       0.42      0.41      0.40       714

Evaluation report on  the test set (male)
Test Accuracy: 41.07%
Test Precision: [0.3875969  0.44255319 0.37398374]
Test Recall: [0.30120482 0.59770115 0.31292517]
Test F1-score: [0.33898305 0.50855746 0.34074074]
              precision    recall  f1-score   support

           0       0.39      0.30      0.34       166
           1       0.44      0.60      0.51       174
           2       0.37      0.31      0.34       147

    accuracy                           0.41       487
   macro avg       0.40      0.40      0.40       487
weighted avg       0.40      0.41      0.40       487

Evaluation report on  the test set (female)
Test Accuracy: 41.85%
Test Precision: [0.2972973  0.33576642 0.71698113]
Test Recall: [0.15492958 0.71875    0.41304348]
Test F1-score: [0.2037037  0.45771144 0.52413793]
              precision    recall  f1-score   support

           0       0.30      0.15      0.20        71
           1       0.34      0.72      0.46        64
           2       0.72      0.41      0.52        92

    accuracy                           0.42       227
   macro avg       0.45      0.43      0.40       227
weighted avg       0.48      0.42      0.41       227

Evaluation report on  the test set (under 40)
Test Accuracy: 42.53%
Test Precision: [0.36046512 0.3670412  0.59836066]
Test Recall: [0.2137931  0.7480916  0.36683417]
Test F1-score: [0.26839827 0.49246231 0.45482866]
              precision    recall  f1-score   support

           0       0.36      0.21      0.27       145
           1       0.37      0.75      0.49       131
           2       0.60      0.37      0.45       199

    accuracy                           0.43       475
   macro avg       0.44      0.44      0.41       475
weighted avg       0.46      0.43      0.41       475

Evaluation report on  the test set (over 40)
Test Accuracy: 38.91%
Test Precision: [0.375     0.4952381 0.2037037]
Test Recall: [0.32608696 0.48598131 0.275     ]
Test F1-score: [0.34883721 0.49056604 0.23404255]
              precision    recall  f1-score   support

           0       0.38      0.33      0.35        92
           1       0.50      0.49      0.49       107
           2       0.20      0.28      0.23        40

    accuracy                           0.39       239
   macro avg       0.36      0.36      0.36       239
weighted avg       0.40      0.39      0.39       239

under 40 v.s. over 40
eq_oppo:0.2621102946422202  stat_parity:0.1227747192248404